Command line invocation:
    /Applications/Xcode.app/Contents/Developer/usr/bin/xcodebuild -project BSAI.xcodeproj -scheme BSAI -destination "platform=iOS Simulator,name=iPhone 17" build

ComputePackagePrebuildTargetDependencyGraph

Prepare packages

CreateBuildRequest

SendProjectDescription

CreateBuildOperation

ComputeTargetDependencyGraph
note: Building targets in dependency order
note: Target dependency graph (1 target)
    Target 'BSAI' in project 'BSAI' (no dependencies)

GatherProvisioningInputs

CreateBuildDescription

ClangStatCache /Applications/Xcode.app/Contents/Developer/Toolchains/XcodeDefault.xctoolchain/usr/bin/clang-stat-cache /Applications/Xcode.app/Contents/Developer/Platforms/iPhoneSimulator.platform/Developer/SDKs/iPhoneSimulator26.2.sdk /Users/vinay/Library/Developer/Xcode/DerivedData/SDKStatCaches.noindex/iphonesimulator26.2-23C57-7d00a8b37fbd7999ea79df8ebc024bf0.sdkstatcache
    cd /Users/vinay/Downloads/BSAI/BSAI.xcodeproj
    /Applications/Xcode.app/Contents/Developer/Toolchains/XcodeDefault.xctoolchain/usr/bin/clang-stat-cache /Applications/Xcode.app/Contents/Developer/Platforms/iPhoneSimulator.platform/Developer/SDKs/iPhoneSimulator26.2.sdk -o /Users/vinay/Library/Developer/Xcode/DerivedData/SDKStatCaches.noindex/iphonesimulator26.2-23C57-7d00a8b37fbd7999ea79df8ebc024bf0.sdkstatcache

ProcessProductPackaging "" /Users/vinay/Library/Developer/Xcode/DerivedData/BSAI-bgbvksczfybebxerdwijnqpqrvae/Build/Intermediates.noindex/BSAI.build/Debug-iphonesimulator/BSAI.build/BSAI.app-Simulated.xcent (in target 'BSAI' from project 'BSAI')
    cd /Users/vinay/Downloads/BSAI
    
    Entitlements:
    
    {
    "application-identifier" = "FAKETEAMID.com.BSAI";
}
    
    builtin-productPackagingUtility -entitlements -format xml -o /Users/vinay/Library/Developer/Xcode/DerivedData/BSAI-bgbvksczfybebxerdwijnqpqrvae/Build/Intermediates.noindex/BSAI.build/Debug-iphonesimulator/BSAI.build/BSAI.app-Simulated.xcent

ProcessProductPackagingDER /Users/vinay/Library/Developer/Xcode/DerivedData/BSAI-bgbvksczfybebxerdwijnqpqrvae/Build/Intermediates.noindex/BSAI.build/Debug-iphonesimulator/BSAI.build/BSAI.app-Simulated.xcent /Users/vinay/Library/Developer/Xcode/DerivedData/BSAI-bgbvksczfybebxerdwijnqpqrvae/Build/Intermediates.noindex/BSAI.build/Debug-iphonesimulator/BSAI.build/BSAI.app-Simulated.xcent.der (in target 'BSAI' from project 'BSAI')
    cd /Users/vinay/Downloads/BSAI
    /usr/bin/derq query -f xml -i /Users/vinay/Library/Developer/Xcode/DerivedData/BSAI-bgbvksczfybebxerdwijnqpqrvae/Build/Intermediates.noindex/BSAI.build/Debug-iphonesimulator/BSAI.build/BSAI.app-Simulated.xcent -o /Users/vinay/Library/Developer/Xcode/DerivedData/BSAI-bgbvksczfybebxerdwijnqpqrvae/Build/Intermediates.noindex/BSAI.build/Debug-iphonesimulator/BSAI.build/BSAI.app-Simulated.xcent.der --raw

CompileAssetCatalogVariant thinned /Users/vinay/Library/Developer/Xcode/DerivedData/BSAI-bgbvksczfybebxerdwijnqpqrvae/Build/Products/Debug-iphonesimulator/BSAI.app /Users/vinay/Downloads/BSAI/BSAI/Preview\ Content/Preview\ Assets.xcassets /Users/vinay/Downloads/BSAI/BSAI/Assets.xcassets (in target 'BSAI' from project 'BSAI')
    cd /Users/vinay/Downloads/BSAI
    /Applications/Xcode.app/Contents/Developer/usr/bin/actool /Users/vinay/Downloads/BSAI/BSAI/Preview\ Content/Preview\ Assets.xcassets /Users/vinay/Downloads/BSAI/BSAI/Assets.xcassets --compile /Users/vinay/Library/Developer/Xcode/DerivedData/BSAI-bgbvksczfybebxerdwijnqpqrvae/Build/Intermediates.noindex/BSAI.build/Debug-iphonesimulator/BSAI.build/assetcatalog_output/thinned --output-format human-readable-text --notices --warnings --export-dependency-info /Users/vinay/Library/Developer/Xcode/DerivedData/BSAI-bgbvksczfybebxerdwijnqpqrvae/Build/Intermediates.noindex/BSAI.build/Debug-iphonesimulator/BSAI.build/assetcatalog_dependencies_thinned --output-partial-info-plist /Users/vinay/Library/Developer/Xcode/DerivedData/BSAI-bgbvksczfybebxerdwijnqpqrvae/Build/Intermediates.noindex/BSAI.build/Debug-iphonesimulator/BSAI.build/assetcatalog_generated_info.plist_thinned --app-icon AppIcon --accent-color AccentColor --compress-pngs --enable-on-demand-resources YES --filter-for-thinning-device-configuration iPhone18,3 --filter-for-device-os-version 26.2 --development-region en --target-device iphone --target-device ipad --minimum-deployment-target 17.5 --platform iphonesimulator
/* com.apple.actool.compilation-results */
/Users/vinay/Library/Developer/Xcode/DerivedData/BSAI-bgbvksczfybebxerdwijnqpqrvae/Build/Intermediates.noindex/BSAI.build/Debug-iphonesimulator/BSAI.build/assetcatalog_generated_info.plist_thinned


SwiftDriver BSAI normal arm64 com.apple.xcode.tools.swift.compiler (in target 'BSAI' from project 'BSAI')
    cd /Users/vinay/Downloads/BSAI
    builtin-SwiftDriver -- /Applications/Xcode.app/Contents/Developer/Toolchains/XcodeDefault.xctoolchain/usr/bin/swiftc -module-name BSAI -Onone -enforce-exclusivity\=checked @/Users/vinay/Library/Developer/Xcode/DerivedData/BSAI-bgbvksczfybebxerdwijnqpqrvae/Build/Intermediates.noindex/BSAI.build/Debug-iphonesimulator/BSAI.build/Objects-normal/arm64/BSAI.SwiftFileList -DDEBUG -enable-bare-slash-regex -enable-experimental-feature DebugDescriptionMacro -sdk /Applications/Xcode.app/Contents/Developer/Platforms/iPhoneSimulator.platform/Developer/SDKs/iPhoneSimulator26.2.sdk -target arm64-apple-ios17.5-simulator -g -module-cache-path /Users/vinay/Library/Developer/Xcode/DerivedData/ModuleCache.noindex -Xfrontend -serialize-debugging-options -enable-testing -index-store-path /Users/vinay/Library/Developer/Xcode/DerivedData/BSAI-bgbvksczfybebxerdwijnqpqrvae/Index.noindex/DataStore -Xcc -D_LIBCPP_HARDENING_MODE\=_LIBCPP_HARDENING_MODE_DEBUG -swift-version 5 -I /Users/vinay/Library/Developer/Xcode/DerivedData/BSAI-bgbvksczfybebxerdwijnqpqrvae/Build/Products/Debug-iphonesimulator -F /Users/vinay/Library/Developer/Xcode/DerivedData/BSAI-bgbvksczfybebxerdwijnqpqrvae/Build/Products/Debug-iphonesimulator -emit-localized-strings -emit-localized-strings-path /Users/vinay/Library/Developer/Xcode/DerivedData/BSAI-bgbvksczfybebxerdwijnqpqrvae/Build/Intermediates.noindex/BSAI.build/Debug-iphonesimulator/BSAI.build/Objects-normal/arm64 -c -j8 -enable-batch-mode -incremental -Xcc -ivfsstatcache -Xcc /Users/vinay/Library/Developer/Xcode/DerivedData/SDKStatCaches.noindex/iphonesimulator26.2-23C57-7d00a8b37fbd7999ea79df8ebc024bf0.sdkstatcache -output-file-map /Users/vinay/Library/Developer/Xcode/DerivedData/BSAI-bgbvksczfybebxerdwijnqpqrvae/Build/Intermediates.noindex/BSAI.build/Debug-iphonesimulator/BSAI.build/Objects-normal/arm64/BSAI-OutputFileMap.json -use-frontend-parseable-output -save-temps -no-color-diagnostics -explicit-module-build -module-cache-path /Users/vinay/Library/Developer/Xcode/DerivedData/BSAI-bgbvksczfybebxerdwijnqpqrvae/Build/Intermediates.noindex/SwiftExplicitPrecompiledModules -clang-scanner-module-cache-path /Users/vinay/Library/Developer/Xcode/DerivedData/ModuleCache.noindex -sdk-module-cache-path /Users/vinay/Library/Developer/Xcode/DerivedData/ModuleCache.noindex -serialize-diagnostics -emit-dependencies -emit-module -emit-module-path /Users/vinay/Library/Developer/Xcode/DerivedData/BSAI-bgbvksczfybebxerdwijnqpqrvae/Build/Intermediates.noindex/BSAI.build/Debug-iphonesimulator/BSAI.build/Objects-normal/arm64/BSAI.swiftmodule -validate-clang-modules-once -clang-build-session-file /Users/vinay/Library/Developer/Xcode/DerivedData/ModuleCache.noindex/Session.modulevalidation -Xcc -I/Users/vinay/Library/Developer/Xcode/DerivedData/BSAI-bgbvksczfybebxerdwijnqpqrvae/Build/Intermediates.noindex/BSAI.build/Debug-iphonesimulator/BSAI.build/swift-overrides.hmap -emit-const-values -Xfrontend -const-gather-protocols-file -Xfrontend /Users/vinay/Library/Developer/Xcode/DerivedData/BSAI-bgbvksczfybebxerdwijnqpqrvae/Build/Intermediates.noindex/BSAI.build/Debug-iphonesimulator/BSAI.build/Objects-normal/arm64/BSAI_const_extract_protocols.json -Xcc -iquote -Xcc /Users/vinay/Library/Developer/Xcode/DerivedData/BSAI-bgbvksczfybebxerdwijnqpqrvae/Build/Intermediates.noindex/BSAI.build/Debug-iphonesimulator/BSAI.build/BSAI-generated-files.hmap -Xcc -I/Users/vinay/Library/Developer/Xcode/DerivedData/BSAI-bgbvksczfybebxerdwijnqpqrvae/Build/Intermediates.noindex/BSAI.build/Debug-iphonesimulator/BSAI.build/BSAI-own-target-headers.hmap -Xcc -I/Users/vinay/Library/Developer/Xcode/DerivedData/BSAI-bgbvksczfybebxerdwijnqpqrvae/Build/Intermediates.noindex/BSAI.build/Debug-iphonesimulator/BSAI.build/BSAI-all-target-headers.hmap -Xcc -iquote -Xcc /Users/vinay/Library/Developer/Xcode/DerivedData/BSAI-bgbvksczfybebxerdwijnqpqrvae/Build/Intermediates.noindex/BSAI.build/Debug-iphonesimulator/BSAI.build/BSAI-project-headers.hmap -Xcc -I/Users/vinay/Library/Developer/Xcode/DerivedData/BSAI-bgbvksczfybebxerdwijnqpqrvae/Build/Products/Debug-iphonesimulator/include -Xcc -I/Users/vinay/Library/Developer/Xcode/DerivedData/BSAI-bgbvksczfybebxerdwijnqpqrvae/Build/Intermediates.noindex/BSAI.build/Debug-iphonesimulator/BSAI.build/DerivedSources-normal/arm64 -Xcc -I/Users/vinay/Library/Developer/Xcode/DerivedData/BSAI-bgbvksczfybebxerdwijnqpqrvae/Build/Intermediates.noindex/BSAI.build/Debug-iphonesimulator/BSAI.build/DerivedSources/arm64 -Xcc -I/Users/vinay/Library/Developer/Xcode/DerivedData/BSAI-bgbvksczfybebxerdwijnqpqrvae/Build/Intermediates.noindex/BSAI.build/Debug-iphonesimulator/BSAI.build/DerivedSources -Xcc -DDEBUG\=1 -emit-objc-header -emit-objc-header-path /Users/vinay/Library/Developer/Xcode/DerivedData/BSAI-bgbvksczfybebxerdwijnqpqrvae/Build/Intermediates.noindex/BSAI.build/Debug-iphonesimulator/BSAI.build/Objects-normal/arm64/BSAI-Swift.h -working-directory /Users/vinay/Downloads/BSAI -experimental-emit-module-separately -disable-cmo

SwiftEmitModule normal arm64 Emitting\ module\ for\ BSAI (in target 'BSAI' from project 'BSAI')

EmitSwiftModule normal arm64 (in target 'BSAI' from project 'BSAI')
    cd /Users/vinay/Downloads/BSAI
    

SwiftCompile normal arm64 Compiling\ HomeView.swift /Users/vinay/Downloads/BSAI/BSAI/HomeView.swift (in target 'BSAI' from project 'BSAI')

SwiftCompile normal arm64 /Users/vinay/Downloads/BSAI/BSAI/HomeView.swift (in target 'BSAI' from project 'BSAI')
    cd /Users/vinay/Downloads/BSAI
    

SwiftCompile normal arm64 Compiling\ BPADashboardView.swift /Users/vinay/Downloads/BSAI/BSAI/BPADashboardView.swift (in target 'BSAI' from project 'BSAI')

SwiftCompile normal arm64 /Users/vinay/Downloads/BSAI/BSAI/BPADashboardView.swift (in target 'BSAI' from project 'BSAI')
    cd /Users/vinay/Downloads/BSAI
    

SwiftDriverJobDiscovery normal arm64 Emitting module for BSAI (in target 'BSAI' from project 'BSAI')

SwiftDriver\ Compilation\ Requirements BSAI normal arm64 com.apple.xcode.tools.swift.compiler (in target 'BSAI' from project 'BSAI')
    cd /Users/vinay/Downloads/BSAI
    builtin-Swift-Compilation-Requirements -- /Applications/Xcode.app/Contents/Developer/Toolchains/XcodeDefault.xctoolchain/usr/bin/swiftc -module-name BSAI -Onone -enforce-exclusivity\=checked @/Users/vinay/Library/Developer/Xcode/DerivedData/BSAI-bgbvksczfybebxerdwijnqpqrvae/Build/Intermediates.noindex/BSAI.build/Debug-iphonesimulator/BSAI.build/Objects-normal/arm64/BSAI.SwiftFileList -DDEBUG -enable-bare-slash-regex -enable-experimental-feature DebugDescriptionMacro -sdk /Applications/Xcode.app/Contents/Developer/Platforms/iPhoneSimulator.platform/Developer/SDKs/iPhoneSimulator26.2.sdk -target arm64-apple-ios17.5-simulator -g -module-cache-path /Users/vinay/Library/Developer/Xcode/DerivedData/ModuleCache.noindex -Xfrontend -serialize-debugging-options -enable-testing -index-store-path /Users/vinay/Library/Developer/Xcode/DerivedData/BSAI-bgbvksczfybebxerdwijnqpqrvae/Index.noindex/DataStore -Xcc -D_LIBCPP_HARDENING_MODE\=_LIBCPP_HARDENING_MODE_DEBUG -swift-version 5 -I /Users/vinay/Library/Developer/Xcode/DerivedData/BSAI-bgbvksczfybebxerdwijnqpqrvae/Build/Products/Debug-iphonesimulator -F /Users/vinay/Library/Developer/Xcode/DerivedData/BSAI-bgbvksczfybebxerdwijnqpqrvae/Build/Products/Debug-iphonesimulator -emit-localized-strings -emit-localized-strings-path /Users/vinay/Library/Developer/Xcode/DerivedData/BSAI-bgbvksczfybebxerdwijnqpqrvae/Build/Intermediates.noindex/BSAI.build/Debug-iphonesimulator/BSAI.build/Objects-normal/arm64 -c -j8 -enable-batch-mode -incremental -Xcc -ivfsstatcache -Xcc /Users/vinay/Library/Developer/Xcode/DerivedData/SDKStatCaches.noindex/iphonesimulator26.2-23C57-7d00a8b37fbd7999ea79df8ebc024bf0.sdkstatcache -output-file-map /Users/vinay/Library/Developer/Xcode/DerivedData/BSAI-bgbvksczfybebxerdwijnqpqrvae/Build/Intermediates.noindex/BSAI.build/Debug-iphonesimulator/BSAI.build/Objects-normal/arm64/BSAI-OutputFileMap.json -use-frontend-parseable-output -save-temps -no-color-diagnostics -explicit-module-build -module-cache-path /Users/vinay/Library/Developer/Xcode/DerivedData/BSAI-bgbvksczfybebxerdwijnqpqrvae/Build/Intermediates.noindex/SwiftExplicitPrecompiledModules -clang-scanner-module-cache-path /Users/vinay/Library/Developer/Xcode/DerivedData/ModuleCache.noindex -sdk-module-cache-path /Users/vinay/Library/Developer/Xcode/DerivedData/ModuleCache.noindex -serialize-diagnostics -emit-dependencies -emit-module -emit-module-path /Users/vinay/Library/Developer/Xcode/DerivedData/BSAI-bgbvksczfybebxerdwijnqpqrvae/Build/Intermediates.noindex/BSAI.build/Debug-iphonesimulator/BSAI.build/Objects-normal/arm64/BSAI.swiftmodule -validate-clang-modules-once -clang-build-session-file /Users/vinay/Library/Developer/Xcode/DerivedData/ModuleCache.noindex/Session.modulevalidation -Xcc -I/Users/vinay/Library/Developer/Xcode/DerivedData/BSAI-bgbvksczfybebxerdwijnqpqrvae/Build/Intermediates.noindex/BSAI.build/Debug-iphonesimulator/BSAI.build/swift-overrides.hmap -emit-const-values -Xfrontend -const-gather-protocols-file -Xfrontend /Users/vinay/Library/Developer/Xcode/DerivedData/BSAI-bgbvksczfybebxerdwijnqpqrvae/Build/Intermediates.noindex/BSAI.build/Debug-iphonesimulator/BSAI.build/Objects-normal/arm64/BSAI_const_extract_protocols.json -Xcc -iquote -Xcc /Users/vinay/Library/Developer/Xcode/DerivedData/BSAI-bgbvksczfybebxerdwijnqpqrvae/Build/Intermediates.noindex/BSAI.build/Debug-iphonesimulator/BSAI.build/BSAI-generated-files.hmap -Xcc -I/Users/vinay/Library/Developer/Xcode/DerivedData/BSAI-bgbvksczfybebxerdwijnqpqrvae/Build/Intermediates.noindex/BSAI.build/Debug-iphonesimulator/BSAI.build/BSAI-own-target-headers.hmap -Xcc -I/Users/vinay/Library/Developer/Xcode/DerivedData/BSAI-bgbvksczfybebxerdwijnqpqrvae/Build/Intermediates.noindex/BSAI.build/Debug-iphonesimulator/BSAI.build/BSAI-all-target-headers.hmap -Xcc -iquote -Xcc /Users/vinay/Library/Developer/Xcode/DerivedData/BSAI-bgbvksczfybebxerdwijnqpqrvae/Build/Intermediates.noindex/BSAI.build/Debug-iphonesimulator/BSAI.build/BSAI-project-headers.hmap -Xcc -I/Users/vinay/Library/Developer/Xcode/DerivedData/BSAI-bgbvksczfybebxerdwijnqpqrvae/Build/Products/Debug-iphonesimulator/include -Xcc -I/Users/vinay/Library/Developer/Xcode/DerivedData/BSAI-bgbvksczfybebxerdwijnqpqrvae/Build/Intermediates.noindex/BSAI.build/Debug-iphonesimulator/BSAI.build/DerivedSources-normal/arm64 -Xcc -I/Users/vinay/Library/Developer/Xcode/DerivedData/BSAI-bgbvksczfybebxerdwijnqpqrvae/Build/Intermediates.noindex/BSAI.build/Debug-iphonesimulator/BSAI.build/DerivedSources/arm64 -Xcc -I/Users/vinay/Library/Developer/Xcode/DerivedData/BSAI-bgbvksczfybebxerdwijnqpqrvae/Build/Intermediates.noindex/BSAI.build/Debug-iphonesimulator/BSAI.build/DerivedSources -Xcc -DDEBUG\=1 -emit-objc-header -emit-objc-header-path /Users/vinay/Library/Developer/Xcode/DerivedData/BSAI-bgbvksczfybebxerdwijnqpqrvae/Build/Intermediates.noindex/BSAI.build/Debug-iphonesimulator/BSAI.build/Objects-normal/arm64/BSAI-Swift.h -working-directory /Users/vinay/Downloads/BSAI -experimental-emit-module-separately -disable-cmo

SwiftDriverJobDiscovery normal arm64 Compiling HomeView.swift (in target 'BSAI' from project 'BSAI')

SwiftDriverJobDiscovery normal arm64 Compiling BPADashboardView.swift (in target 'BSAI' from project 'BSAI')

SwiftDriver\ Compilation BSAI normal arm64 com.apple.xcode.tools.swift.compiler (in target 'BSAI' from project 'BSAI')
    cd /Users/vinay/Downloads/BSAI
    builtin-Swift-Compilation -- /Applications/Xcode.app/Contents/Developer/Toolchains/XcodeDefault.xctoolchain/usr/bin/swiftc -module-name BSAI -Onone -enforce-exclusivity\=checked @/Users/vinay/Library/Developer/Xcode/DerivedData/BSAI-bgbvksczfybebxerdwijnqpqrvae/Build/Intermediates.noindex/BSAI.build/Debug-iphonesimulator/BSAI.build/Objects-normal/arm64/BSAI.SwiftFileList -DDEBUG -enable-bare-slash-regex -enable-experimental-feature DebugDescriptionMacro -sdk /Applications/Xcode.app/Contents/Developer/Platforms/iPhoneSimulator.platform/Developer/SDKs/iPhoneSimulator26.2.sdk -target arm64-apple-ios17.5-simulator -g -module-cache-path /Users/vinay/Library/Developer/Xcode/DerivedData/ModuleCache.noindex -Xfrontend -serialize-debugging-options -enable-testing -index-store-path /Users/vinay/Library/Developer/Xcode/DerivedData/BSAI-bgbvksczfybebxerdwijnqpqrvae/Index.noindex/DataStore -Xcc -D_LIBCPP_HARDENING_MODE\=_LIBCPP_HARDENING_MODE_DEBUG -swift-version 5 -I /Users/vinay/Library/Developer/Xcode/DerivedData/BSAI-bgbvksczfybebxerdwijnqpqrvae/Build/Products/Debug-iphonesimulator -F /Users/vinay/Library/Developer/Xcode/DerivedData/BSAI-bgbvksczfybebxerdwijnqpqrvae/Build/Products/Debug-iphonesimulator -emit-localized-strings -emit-localized-strings-path /Users/vinay/Library/Developer/Xcode/DerivedData/BSAI-bgbvksczfybebxerdwijnqpqrvae/Build/Intermediates.noindex/BSAI.build/Debug-iphonesimulator/BSAI.build/Objects-normal/arm64 -c -j8 -enable-batch-mode -incremental -Xcc -ivfsstatcache -Xcc /Users/vinay/Library/Developer/Xcode/DerivedData/SDKStatCaches.noindex/iphonesimulator26.2-23C57-7d00a8b37fbd7999ea79df8ebc024bf0.sdkstatcache -output-file-map /Users/vinay/Library/Developer/Xcode/DerivedData/BSAI-bgbvksczfybebxerdwijnqpqrvae/Build/Intermediates.noindex/BSAI.build/Debug-iphonesimulator/BSAI.build/Objects-normal/arm64/BSAI-OutputFileMap.json -use-frontend-parseable-output -save-temps -no-color-diagnostics -explicit-module-build -module-cache-path /Users/vinay/Library/Developer/Xcode/DerivedData/BSAI-bgbvksczfybebxerdwijnqpqrvae/Build/Intermediates.noindex/SwiftExplicitPrecompiledModules -clang-scanner-module-cache-path /Users/vinay/Library/Developer/Xcode/DerivedData/ModuleCache.noindex -sdk-module-cache-path /Users/vinay/Library/Developer/Xcode/DerivedData/ModuleCache.noindex -serialize-diagnostics -emit-dependencies -emit-module -emit-module-path /Users/vinay/Library/Developer/Xcode/DerivedData/BSAI-bgbvksczfybebxerdwijnqpqrvae/Build/Intermediates.noindex/BSAI.build/Debug-iphonesimulator/BSAI.build/Objects-normal/arm64/BSAI.swiftmodule -validate-clang-modules-once -clang-build-session-file /Users/vinay/Library/Developer/Xcode/DerivedData/ModuleCache.noindex/Session.modulevalidation -Xcc -I/Users/vinay/Library/Developer/Xcode/DerivedData/BSAI-bgbvksczfybebxerdwijnqpqrvae/Build/Intermediates.noindex/BSAI.build/Debug-iphonesimulator/BSAI.build/swift-overrides.hmap -emit-const-values -Xfrontend -const-gather-protocols-file -Xfrontend /Users/vinay/Library/Developer/Xcode/DerivedData/BSAI-bgbvksczfybebxerdwijnqpqrvae/Build/Intermediates.noindex/BSAI.build/Debug-iphonesimulator/BSAI.build/Objects-normal/arm64/BSAI_const_extract_protocols.json -Xcc -iquote -Xcc /Users/vinay/Library/Developer/Xcode/DerivedData/BSAI-bgbvksczfybebxerdwijnqpqrvae/Build/Intermediates.noindex/BSAI.build/Debug-iphonesimulator/BSAI.build/BSAI-generated-files.hmap -Xcc -I/Users/vinay/Library/Developer/Xcode/DerivedData/BSAI-bgbvksczfybebxerdwijnqpqrvae/Build/Intermediates.noindex/BSAI.build/Debug-iphonesimulator/BSAI.build/BSAI-own-target-headers.hmap -Xcc -I/Users/vinay/Library/Developer/Xcode/DerivedData/BSAI-bgbvksczfybebxerdwijnqpqrvae/Build/Intermediates.noindex/BSAI.build/Debug-iphonesimulator/BSAI.build/BSAI-all-target-headers.hmap -Xcc -iquote -Xcc /Users/vinay/Library/Developer/Xcode/DerivedData/BSAI-bgbvksczfybebxerdwijnqpqrvae/Build/Intermediates.noindex/BSAI.build/Debug-iphonesimulator/BSAI.build/BSAI-project-headers.hmap -Xcc -I/Users/vinay/Library/Developer/Xcode/DerivedData/BSAI-bgbvksczfybebxerdwijnqpqrvae/Build/Products/Debug-iphonesimulator/include -Xcc -I/Users/vinay/Library/Developer/Xcode/DerivedData/BSAI-bgbvksczfybebxerdwijnqpqrvae/Build/Intermediates.noindex/BSAI.build/Debug-iphonesimulator/BSAI.build/DerivedSources-normal/arm64 -Xcc -I/Users/vinay/Library/Developer/Xcode/DerivedData/BSAI-bgbvksczfybebxerdwijnqpqrvae/Build/Intermediates.noindex/BSAI.build/Debug-iphonesimulator/BSAI.build/DerivedSources/arm64 -Xcc -I/Users/vinay/Library/Developer/Xcode/DerivedData/BSAI-bgbvksczfybebxerdwijnqpqrvae/Build/Intermediates.noindex/BSAI.build/Debug-iphonesimulator/BSAI.build/DerivedSources -Xcc -DDEBUG\=1 -emit-objc-header -emit-objc-header-path /Users/vinay/Library/Developer/Xcode/DerivedData/BSAI-bgbvksczfybebxerdwijnqpqrvae/Build/Intermediates.noindex/BSAI.build/Debug-iphonesimulator/BSAI.build/Objects-normal/arm64/BSAI-Swift.h -working-directory /Users/vinay/Downloads/BSAI -experimental-emit-module-separately -disable-cmo

Ld /Users/vinay/Library/Developer/Xcode/DerivedData/BSAI-bgbvksczfybebxerdwijnqpqrvae/Build/Products/Debug-iphonesimulator/BSAI.app/BSAI.debug.dylib normal (in target 'BSAI' from project 'BSAI')
    cd /Users/vinay/Downloads/BSAI
    /Applications/Xcode.app/Contents/Developer/Toolchains/XcodeDefault.xctoolchain/usr/bin/clang -Xlinker -reproducible -target arm64-apple-ios17.5-simulator -dynamiclib -isysroot /Applications/Xcode.app/Contents/Developer/Platforms/iPhoneSimulator.platform/Developer/SDKs/iPhoneSimulator26.2.sdk -O0 -L/Users/vinay/Library/Developer/Xcode/DerivedData/BSAI-bgbvksczfybebxerdwijnqpqrvae/Build/Intermediates.noindex/EagerLinkingTBDs/Debug-iphonesimulator -L/Users/vinay/Library/Developer/Xcode/DerivedData/BSAI-bgbvksczfybebxerdwijnqpqrvae/Build/Products/Debug-iphonesimulator -F/Users/vinay/Library/Developer/Xcode/DerivedData/BSAI-bgbvksczfybebxerdwijnqpqrvae/Build/Intermediates.noindex/EagerLinkingTBDs/Debug-iphonesimulator -F/Users/vinay/Library/Developer/Xcode/DerivedData/BSAI-bgbvksczfybebxerdwijnqpqrvae/Build/Products/Debug-iphonesimulator -filelist /Users/vinay/Library/Developer/Xcode/DerivedData/BSAI-bgbvksczfybebxerdwijnqpqrvae/Build/Intermediates.noindex/BSAI.build/Debug-iphonesimulator/BSAI.build/Objects-normal/arm64/BSAI.LinkFileList -install_name @rpath/BSAI.debug.dylib -Xlinker -rpath -Xlinker /usr/lib/swift -Xlinker -rpath -Xlinker @executable_path/Frameworks -dead_strip -Xlinker -object_path_lto -Xlinker /Users/vinay/Library/Developer/Xcode/DerivedData/BSAI-bgbvksczfybebxerdwijnqpqrvae/Build/Intermediates.noindex/BSAI.build/Debug-iphonesimulator/BSAI.build/Objects-normal/arm64/BSAI_lto.o -rdynamic -Xlinker -no_deduplicate -Xlinker -objc_abi_version -Xlinker 2 -Xlinker -dependency_info -Xlinker /Users/vinay/Library/Developer/Xcode/DerivedData/BSAI-bgbvksczfybebxerdwijnqpqrvae/Build/Intermediates.noindex/BSAI.build/Debug-iphonesimulator/BSAI.build/Objects-normal/arm64/BSAI_dependency_info.dat -fobjc-link-runtime -L/Applications/Xcode.app/Contents/Developer/Toolchains/XcodeDefault.xctoolchain/usr/lib/swift/iphonesimulator -L/usr/lib/swift -Xlinker -add_ast_path -Xlinker /Users/vinay/Library/Developer/Xcode/DerivedData/BSAI-bgbvksczfybebxerdwijnqpqrvae/Build/Intermediates.noindex/BSAI.build/Debug-iphonesimulator/BSAI.build/Objects-normal/arm64/BSAI.swiftmodule @/Users/vinay/Library/Developer/Xcode/DerivedData/BSAI-bgbvksczfybebxerdwijnqpqrvae/Build/Intermediates.noindex/BSAI.build/Debug-iphonesimulator/BSAI.build/Objects-normal/arm64/BSAI-linker-args.resp -Xlinker -alias -Xlinker _main -Xlinker ___debug_main_executable_dylib_entry_point -Xlinker -no_adhoc_codesign -o /Users/vinay/Library/Developer/Xcode/DerivedData/BSAI-bgbvksczfybebxerdwijnqpqrvae/Build/Products/Debug-iphonesimulator/BSAI.app/BSAI.debug.dylib

Copy /Users/vinay/Library/Developer/Xcode/DerivedData/BSAI-bgbvksczfybebxerdwijnqpqrvae/Build/Products/Debug-iphonesimulator/BSAI.swiftmodule/arm64-apple-ios-simulator.swiftmodule /Users/vinay/Library/Developer/Xcode/DerivedData/BSAI-bgbvksczfybebxerdwijnqpqrvae/Build/Intermediates.noindex/BSAI.build/Debug-iphonesimulator/BSAI.build/Objects-normal/arm64/BSAI.swiftmodule (in target 'BSAI' from project 'BSAI')
    cd /Users/vinay/Downloads/BSAI
    builtin-copy -exclude .DS_Store -exclude CVS -exclude .svn -exclude .git -exclude .hg -resolve-src-symlinks -rename /Users/vinay/Library/Developer/Xcode/DerivedData/BSAI-bgbvksczfybebxerdwijnqpqrvae/Build/Intermediates.noindex/BSAI.build/Debug-iphonesimulator/BSAI.build/Objects-normal/arm64/BSAI.swiftmodule /Users/vinay/Library/Developer/Xcode/DerivedData/BSAI-bgbvksczfybebxerdwijnqpqrvae/Build/Products/Debug-iphonesimulator/BSAI.swiftmodule/arm64-apple-ios-simulator.swiftmodule

Copy /Users/vinay/Library/Developer/Xcode/DerivedData/BSAI-bgbvksczfybebxerdwijnqpqrvae/Build/Products/Debug-iphonesimulator/BSAI.swiftmodule/arm64-apple-ios-simulator.abi.json /Users/vinay/Library/Developer/Xcode/DerivedData/BSAI-bgbvksczfybebxerdwijnqpqrvae/Build/Intermediates.noindex/BSAI.build/Debug-iphonesimulator/BSAI.build/Objects-normal/arm64/BSAI.abi.json (in target 'BSAI' from project 'BSAI')
    cd /Users/vinay/Downloads/BSAI
    builtin-copy -exclude .DS_Store -exclude CVS -exclude .svn -exclude .git -exclude .hg -resolve-src-symlinks -rename /Users/vinay/Library/Developer/Xcode/DerivedData/BSAI-bgbvksczfybebxerdwijnqpqrvae/Build/Intermediates.noindex/BSAI.build/Debug-iphonesimulator/BSAI.build/Objects-normal/arm64/BSAI.abi.json /Users/vinay/Library/Developer/Xcode/DerivedData/BSAI-bgbvksczfybebxerdwijnqpqrvae/Build/Products/Debug-iphonesimulator/BSAI.swiftmodule/arm64-apple-ios-simulator.abi.json

Copy /Users/vinay/Library/Developer/Xcode/DerivedData/BSAI-bgbvksczfybebxerdwijnqpqrvae/Build/Products/Debug-iphonesimulator/BSAI.swiftmodule/Project/arm64-apple-ios-simulator.swiftsourceinfo /Users/vinay/Library/Developer/Xcode/DerivedData/BSAI-bgbvksczfybebxerdwijnqpqrvae/Build/Intermediates.noindex/BSAI.build/Debug-iphonesimulator/BSAI.build/Objects-normal/arm64/BSAI.swiftsourceinfo (in target 'BSAI' from project 'BSAI')
    cd /Users/vinay/Downloads/BSAI
    builtin-copy -exclude .DS_Store -exclude CVS -exclude .svn -exclude .git -exclude .hg -resolve-src-symlinks -rename /Users/vinay/Library/Developer/Xcode/DerivedData/BSAI-bgbvksczfybebxerdwijnqpqrvae/Build/Intermediates.noindex/BSAI.build/Debug-iphonesimulator/BSAI.build/Objects-normal/arm64/BSAI.swiftsourceinfo /Users/vinay/Library/Developer/Xcode/DerivedData/BSAI-bgbvksczfybebxerdwijnqpqrvae/Build/Products/Debug-iphonesimulator/BSAI.swiftmodule/Project/arm64-apple-ios-simulator.swiftsourceinfo

ConstructStubExecutorLinkFileList /Users/vinay/Library/Developer/Xcode/DerivedData/BSAI-bgbvksczfybebxerdwijnqpqrvae/Build/Intermediates.noindex/BSAI.build/Debug-iphonesimulator/BSAI.build/BSAI-ExecutorLinkFileList-normal-arm64.txt (in target 'BSAI' from project 'BSAI')
    cd /Users/vinay/Downloads/BSAI
    construct-stub-executor-link-file-list /Users/vinay/Library/Developer/Xcode/DerivedData/BSAI-bgbvksczfybebxerdwijnqpqrvae/Build/Products/Debug-iphonesimulator/BSAI.app/BSAI.debug.dylib /Applications/Xcode.app/Contents/Developer/Platforms/iPhoneSimulator.platform/Developer/usr/lib/libPreviewsJITStubExecutor_no_swift_entry_point.a /Applications/Xcode.app/Contents/Developer/Platforms/iPhoneSimulator.platform/Developer/usr/lib/libPreviewsJITStubExecutor.a --output /Users/vinay/Library/Developer/Xcode/DerivedData/BSAI-bgbvksczfybebxerdwijnqpqrvae/Build/Intermediates.noindex/BSAI.build/Debug-iphonesimulator/BSAI.build/BSAI-ExecutorLinkFileList-normal-arm64.txt
note: Using stub executor library with Swift entry point. (in target 'BSAI' from project 'BSAI')

Ld /Users/vinay/Library/Developer/Xcode/DerivedData/BSAI-bgbvksczfybebxerdwijnqpqrvae/Build/Products/Debug-iphonesimulator/BSAI.app/BSAI normal (in target 'BSAI' from project 'BSAI')
    cd /Users/vinay/Downloads/BSAI
    /Applications/Xcode.app/Contents/Developer/Toolchains/XcodeDefault.xctoolchain/usr/bin/clang -Xlinker -reproducible -target arm64-apple-ios17.5-simulator -isysroot /Applications/Xcode.app/Contents/Developer/Platforms/iPhoneSimulator.platform/Developer/SDKs/iPhoneSimulator26.2.sdk -O0 -L/Users/vinay/Library/Developer/Xcode/DerivedData/BSAI-bgbvksczfybebxerdwijnqpqrvae/Build/Products/Debug-iphonesimulator -F/Users/vinay/Library/Developer/Xcode/DerivedData/BSAI-bgbvksczfybebxerdwijnqpqrvae/Build/Products/Debug-iphonesimulator -Xlinker -rpath -Xlinker @executable_path -Xlinker -rpath -Xlinker @executable_path/Frameworks -rdynamic -Xlinker -no_deduplicate -Xlinker -objc_abi_version -Xlinker 2 -e ___debug_blank_executor_main -Xlinker -sectcreate -Xlinker __TEXT -Xlinker __debug_dylib -Xlinker /Users/vinay/Library/Developer/Xcode/DerivedData/BSAI-bgbvksczfybebxerdwijnqpqrvae/Build/Intermediates.noindex/BSAI.build/Debug-iphonesimulator/BSAI.build/BSAI-DebugDylibPath-normal-arm64.txt -Xlinker -sectcreate -Xlinker __TEXT -Xlinker __debug_instlnm -Xlinker /Users/vinay/Library/Developer/Xcode/DerivedData/BSAI-bgbvksczfybebxerdwijnqpqrvae/Build/Intermediates.noindex/BSAI.build/Debug-iphonesimulator/BSAI.build/BSAI-DebugDylibInstallName-normal-arm64.txt -Xlinker -filelist -Xlinker /Users/vinay/Library/Developer/Xcode/DerivedData/BSAI-bgbvksczfybebxerdwijnqpqrvae/Build/Intermediates.noindex/BSAI.build/Debug-iphonesimulator/BSAI.build/BSAI-ExecutorLinkFileList-normal-arm64.txt -Xlinker -sectcreate -Xlinker __TEXT -Xlinker __entitlements -Xlinker /Users/vinay/Library/Developer/Xcode/DerivedData/BSAI-bgbvksczfybebxerdwijnqpqrvae/Build/Intermediates.noindex/BSAI.build/Debug-iphonesimulator/BSAI.build/BSAI.app-Simulated.xcent -Xlinker -sectcreate -Xlinker __TEXT -Xlinker __ents_der -Xlinker /Users/vinay/Library/Developer/Xcode/DerivedData/BSAI-bgbvksczfybebxerdwijnqpqrvae/Build/Intermediates.noindex/BSAI.build/Debug-iphonesimulator/BSAI.build/BSAI.app-Simulated.xcent.der /Users/vinay/Library/Developer/Xcode/DerivedData/BSAI-bgbvksczfybebxerdwijnqpqrvae/Build/Products/Debug-iphonesimulator/BSAI.app/BSAI.debug.dylib -Xlinker -no_adhoc_codesign -o /Users/vinay/Library/Developer/Xcode/DerivedData/BSAI-bgbvksczfybebxerdwijnqpqrvae/Build/Products/Debug-iphonesimulator/BSAI.app/BSAI

ExtractAppIntentsMetadata (in target 'BSAI' from project 'BSAI')
    cd /Users/vinay/Downloads/BSAI
    /Applications/Xcode.app/Contents/Developer/Toolchains/XcodeDefault.xctoolchain/usr/bin/appintentsmetadataprocessor --toolchain-dir /Applications/Xcode.app/Contents/Developer/Toolchains/XcodeDefault.xctoolchain --module-name BSAI --sdk-root /Applications/Xcode.app/Contents/Developer/Platforms/iPhoneSimulator.platform/Developer/SDKs/iPhoneSimulator26.2.sdk --xcode-version 17C529 --platform-family iOS --deployment-target 17.5 --bundle-identifier com.BSAI --output /Users/vinay/Library/Developer/Xcode/DerivedData/BSAI-bgbvksczfybebxerdwijnqpqrvae/Build/Products/Debug-iphonesimulator/BSAI.app --target-triple arm64-apple-ios17.5-simulator --binary-file /Users/vinay/Library/Developer/Xcode/DerivedData/BSAI-bgbvksczfybebxerdwijnqpqrvae/Build/Products/Debug-iphonesimulator/BSAI.app/BSAI --dependency-file /Users/vinay/Library/Developer/Xcode/DerivedData/BSAI-bgbvksczfybebxerdwijnqpqrvae/Build/Intermediates.noindex/BSAI.build/Debug-iphonesimulator/BSAI.build/Objects-normal/arm64/BSAI_dependency_info.dat --stringsdata-file /Users/vinay/Library/Developer/Xcode/DerivedData/BSAI-bgbvksczfybebxerdwijnqpqrvae/Build/Intermediates.noindex/BSAI.build/Debug-iphonesimulator/BSAI.build/Objects-normal/arm64/ExtractedAppShortcutsMetadata.stringsdata --source-file-list /Users/vinay/Library/Developer/Xcode/DerivedData/BSAI-bgbvksczfybebxerdwijnqpqrvae/Build/Intermediates.noindex/BSAI.build/Debug-iphonesimulator/BSAI.build/Objects-normal/arm64/BSAI.SwiftFileList --metadata-file-list /Users/vinay/Library/Developer/Xcode/DerivedData/BSAI-bgbvksczfybebxerdwijnqpqrvae/Build/Intermediates.noindex/BSAI.build/Debug-iphonesimulator/BSAI.build/BSAI.DependencyMetadataFileList --static-metadata-file-list /Users/vinay/Library/Developer/Xcode/DerivedData/BSAI-bgbvksczfybebxerdwijnqpqrvae/Build/Intermediates.noindex/BSAI.build/Debug-iphonesimulator/BSAI.build/BSAI.DependencyStaticMetadataFileList --swift-const-vals-list /Users/vinay/Library/Developer/Xcode/DerivedData/BSAI-bgbvksczfybebxerdwijnqpqrvae/Build/Intermediates.noindex/BSAI.build/Debug-iphonesimulator/BSAI.build/Objects-normal/arm64/BSAI.SwiftConstValuesFileList --compile-time-extraction --deployment-aware-processing --validate-assistant-intents --no-app-shortcuts-localization
2026-03-01 23:53:21.591 appintentsmetadataprocessor[6702:213475] Starting appintentsmetadataprocessor export
2026-03-01 23:53:21.592 appintentsmetadataprocessor[6702:213475] warning: Metadata extraction skipped. No AppIntents.framework dependency found.

CopySwiftLibs /Users/vinay/Library/Developer/Xcode/DerivedData/BSAI-bgbvksczfybebxerdwijnqpqrvae/Build/Products/Debug-iphonesimulator/BSAI.app (in target 'BSAI' from project 'BSAI')
    cd /Users/vinay/Downloads/BSAI
    builtin-swiftStdLibTool --copy --verbose --sign - --scan-executable /Users/vinay/Library/Developer/Xcode/DerivedData/BSAI-bgbvksczfybebxerdwijnqpqrvae/Build/Products/Debug-iphonesimulator/BSAI.app/BSAI.debug.dylib --scan-folder /Users/vinay/Library/Developer/Xcode/DerivedData/BSAI-bgbvksczfybebxerdwijnqpqrvae/Build/Products/Debug-iphonesimulator/BSAI.app/Frameworks --scan-folder /Users/vinay/Library/Developer/Xcode/DerivedData/BSAI-bgbvksczfybebxerdwijnqpqrvae/Build/Products/Debug-iphonesimulator/BSAI.app/PlugIns --scan-folder /Users/vinay/Library/Developer/Xcode/DerivedData/BSAI-bgbvksczfybebxerdwijnqpqrvae/Build/Products/Debug-iphonesimulator/BSAI.app/SystemExtensions --scan-folder /Users/vinay/Library/Developer/Xcode/DerivedData/BSAI-bgbvksczfybebxerdwijnqpqrvae/Build/Products/Debug-iphonesimulator/BSAI.app/Extensions --platform iphonesimulator --toolchain /Applications/Xcode.app/Contents/Developer/Toolchains/XcodeDefault.xctoolchain --destination /Users/vinay/Library/Developer/Xcode/DerivedData/BSAI-bgbvksczfybebxerdwijnqpqrvae/Build/Products/Debug-iphonesimulator/BSAI.app/Frameworks --strip-bitcode --strip-bitcode-tool /Applications/Xcode.app/Contents/Developer/Toolchains/XcodeDefault.xctoolchain/usr/bin/bitcode_strip --emit-dependency-info /Users/vinay/Library/Developer/Xcode/DerivedData/BSAI-bgbvksczfybebxerdwijnqpqrvae/Build/Intermediates.noindex/BSAI.build/Debug-iphonesimulator/BSAI.build/SwiftStdLibToolInputDependencies.dep --filter-for-swift-os

CodeSign /Users/vinay/Library/Developer/Xcode/DerivedData/BSAI-bgbvksczfybebxerdwijnqpqrvae/Build/Products/Debug-iphonesimulator/BSAI.app/BSAI.debug.dylib (in target 'BSAI' from project 'BSAI')
    cd /Users/vinay/Downloads/BSAI
    
    Signing Identity:     "Sign to Run Locally"
    
    /usr/bin/codesign --force --sign - --timestamp\=none --generate-entitlement-der /Users/vinay/Library/Developer/Xcode/DerivedData/BSAI-bgbvksczfybebxerdwijnqpqrvae/Build/Products/Debug-iphonesimulator/BSAI.app/BSAI.debug.dylib

CodeSign /Users/vinay/Library/Developer/Xcode/DerivedData/BSAI-bgbvksczfybebxerdwijnqpqrvae/Build/Products/Debug-iphonesimulator/BSAI.app/__preview.dylib (in target 'BSAI' from project 'BSAI')
    cd /Users/vinay/Downloads/BSAI
    
    Signing Identity:     "Sign to Run Locally"
    
    /usr/bin/codesign --force --sign - --timestamp\=none --generate-entitlement-der /Users/vinay/Library/Developer/Xcode/DerivedData/BSAI-bgbvksczfybebxerdwijnqpqrvae/Build/Products/Debug-iphonesimulator/BSAI.app/__preview.dylib
/Users/vinay/Library/Developer/Xcode/DerivedData/BSAI-bgbvksczfybebxerdwijnqpqrvae/Build/Products/Debug-iphonesimulator/BSAI.app/__preview.dylib: replacing existing signature

CodeSign /Users/vinay/Library/Developer/Xcode/DerivedData/BSAI-bgbvksczfybebxerdwijnqpqrvae/Build/Products/Debug-iphonesimulator/BSAI.app (in target 'BSAI' from project 'BSAI')
    cd /Users/vinay/Downloads/BSAI
    
    Signing Identity:     "Sign to Run Locally"
    
    /usr/bin/codesign --force --sign - --timestamp\=none --generate-entitlement-der /Users/vinay/Library/Developer/Xcode/DerivedData/BSAI-bgbvksczfybebxerdwijnqpqrvae/Build/Products/Debug-iphonesimulator/BSAI.app

Validate /Users/vinay/Library/Developer/Xcode/DerivedData/BSAI-bgbvksczfybebxerdwijnqpqrvae/Build/Products/Debug-iphonesimulator/BSAI.app (in target 'BSAI' from project 'BSAI')
    cd /Users/vinay/Downloads/BSAI
    builtin-validationUtility /Users/vinay/Library/Developer/Xcode/DerivedData/BSAI-bgbvksczfybebxerdwijnqpqrvae/Build/Products/Debug-iphonesimulator/BSAI.app -shallow-bundle -infoplist-subpath Info.plist

** BUILD SUCCEEDED **

